=== CHECKPOINT Mon Jun  8 23:09:13 2026
#     ID         Nombre                 Estado     Llegada   CicTot    CicRest   Rafaga    TEjec     TEspera   TRespuesta  TRetorno  VecCPU    Iter    ResQ     CambCtx  Aprov%   Desp    DisES   TiemES   FallosPg  MemKB    Var1    Var2    Tipo    
----- ---------- ---------------------- ---------- --------  --------  --------  --------  --------  --------  ----------  --------  --------  ------  -------  -------  -------  ------  ------  -------  --------  -------  ------  ------  ------- 
1     A-0        Proceso_0              LISTO      540       74567     74567     25        0         0         0           0         0         0       0        16       0        0       -1      0        0         5        873     965     CPU     
2     B-1        Proceso_1              LISTO      377       69909     69909     55        0         0         0           0         0         0       0        30       0        0       -1      0        0         11       691     871     CPU     
3     C-2        Proceso_2              LISTO      636       36777     36777     46        0         0         0           0         0         0       0        10       0        0       -1      0        0         20       430     94      IO      
4     D-3        Proceso_3              LISTO      695       50790     50790     14        0         0         0           0         0         0       0        22       0        0       -1      0        0         28       367     757     CPU     
5     E-4        Proceso_4              LISTO      38        82573     81860     37        713       403       0           0         21        21      40       27       0        0       -1      0        0         27       321     593     CPU     
6     F-5        Proceso_5              LISTO      590       20683     20683     70        0         11        0           0         0         0       0        12       0        0       -1      0        0         20       48      327     CPU     
7     G-6        Proceso_6              LISTO      577       17346     17346     33        0         0         0           0         0         0       0        26       0        0       -1      0        0         28       530     707     IO      
8     H-7        Proceso_7              LISTO      331       4668      4668      66        0         0         0           0         0         0       0        26       0        0       -1      0        0         28       916     722     IO      
9     I-8        Proceso_8              LISTO      493       439       439       16        0         0         0           0         0         0       0        12       0        0       -1      0        0         10       338     654     CPU     
10    J-9        Proceso_9              LISTO      677       6175      6175      61        0         0         0           0         0         0       0        28       0        0       -1      0        0         18       947     585     CPU     
11    K-10       Proceso_10             LISTO      364       37483     37483     24        0         0         0           0         0         0       0        29       0        0       -1      0        0         9        262     177     CPU     
12    L-11       Proceso_11             LISTO      424       53963     53963     10        0         0         0           0         0         0       0        30       0        0       -1      0        0         8        78      989     CPU     
13    M-12       Proceso_12             ESP_ES     433       36960     36819     60        141       166       48          0         3         3       40       13       0        0       1       192      0         8        296     744     CPU     
14    N-13       Proceso_13             LISTO      32        24553     24553     19        0         0         0           0         0         0       0        19       0        0       -1      0        0         18       990     403     IO      
15    O-14       Proceso_14             LISTO      170       83740     83350     31        390       344       6           0         12        12      40       12       0        0       -1      0        0         24       904     765     IO      
16    P-15       Proceso_15             LISTO      403       61685     61685     12        0         0         0           0         0         0       0        14       0        0       -1      0        0         31       532     753     IO      
17    Q-16       Proceso_16             LISTO      525       81556     81556     33        0         0         0           0         0         0       0        10       0        0       -1      0        0         28       836     778     CPU     
18    R-17       Proceso_17             LISTO      94        2597      2022      68        575       381       1           0         15        15      40       26       0        0       -1      0        0         8        433     8       IO      
19    S-18       Proceso_18             LISTO      650       9695      9695      51        0         0         0           0         0         0       0        28       0        0       -1      0        0         19       20      753     IO      
20    T-19       Proceso_19             LISTO      28        34359     33734     67        625       358       1           0         16        16      40       29       0        0       -1      0        0         27       850     904     CPU     
21    U-20       Proceso_20             LISTO      496       29306     29256     50        50        105       56          0         1         1       40       25       0        0       -1      0        0         8        536     906     CPU     
22    V-21       Proceso_21             LISTO      555       49057     49057     27        0         0         0           0         0         0       0        10       0        0       -1      0        0         28       682     572     IO      
23    W-22       Proceso_22             LISTO      203       2036      1761      54        275       290       11          0         7         7       40       16       0        0       -1      0        0         15       736     964     IO      
24    X-23       Proceso_23             LISTO      1         55203     55203     41        0         0         0           0         0         0       0        17       0        0       -1      0        0         25       783     505     CPU     
25    Y-24       Proceso_24             LISTO      499       47265     47265     19        0         0         0           0         0         0       0        30       0        0       -1      0        0         17       491     382     IO      
26    Z-25       Proceso_25             LISTO      445       52831     52710     53        121       109       50          0         2         2       40       27       0        0       -1      0        0         18       424     479     IO      
27    A-26       Proceso_26             LISTO      486       76118     76090     28        28        115       55          0         1         1       40       18       0        0       -1      0        0         4        741     563     IO      
28    B-27       Proceso_27             LISTO      466       20023     20023     13        0         0         0           0         0         0       0        23       0        0       -1      0        0         17       579     377     CPU     
29    C-28       Proceso_28             LISTO      688       43801     43801     31        0         0         0           0         0         0       0        30       0        0       -1      0        0         5        893     533     IO      
30    D-29       Proceso_29             LISTO      361       39065     38871     13        194       230       41          0         4         4       40       23       0        0       -1      0        0         30       343     297     IO      
31    E-30       Proceso_30             LISTO      229       48516     48516     36        0         0         0           0         0         0       0        21       0        0       -1      0        0         12       350     234     CPU     
32    F-31       Proceso_31             LISTO      418       78601     78601     42        0         0         0           0         0         0       0        29       0        0       -1      0        0         11       638     590     IO      
33    G-32       Proceso_32             LISTO      592       31536     31536     29        0         0         0           0         0         0       0        13       0        0       -1      0        0         31       726     578     CPU     
34    H-33       Proceso_33             LISTO      460       49473     49473     54        0         0         0           0         0         0       0        19       0        0       -1      0        0         8        714     10      IO      
35    I-34       Proceso_34             LISTO      698       29170     29170     33        0         0         0           0         0         0       0        24       0        0       -1      0        0         20       714     488     IO      
36    J-35       Proceso_35             LISTO      304       14685     14437     53        248       276       34          0         5         5       40       13       0        0       -1      0        0         16       765     558     CPU     
37    K-36       Proceso_36             ESP_ES     193       22953     22633     25        320       355       10          0         11        11      40       29       0        0       1       114      0         25       696     559     CPU     
38    L-37       Proceso_37             LISTO      753       69428     69428     70        0         0         0           0         0         0       0        29       0        0       -1      0        0         25       670     332     CPU     
39    M-38       Proceso_38             LISTO      194       16152     15747     56        405       345       12          0         10        10      40       15       0        0       -1      0        0         27       830     137     IO      
40    N-39       Proceso_39             LISTO      256       68903     68903     52        0         0         0           0         0         0       0        18       0        0       -1      0        0         31       876     801     CPU     
41    O-40       Proceso_40             LISTO      217       12999     12999     33        0         0         0           0         0         0       0        10       0        0       -1      0        0         17       174     334     CPU     
42    P-41       Proceso_41             LISTO      511       66334     66334     48        0         0         0           0         0         0       0        16       0        0       -1      0        0         9        193     571     IO      
43    Q-42       Proceso_42             LISTO      411       47406     47406     39        0         0         0           0         0         0       0        18       0        0       -1      0        0         20       272     204     CPU     
44    R-43       Proceso_43             LISTO      386       34572     34572     45        0         0         0           0         0         0       0        10       0        0       -1      0        0         24       494     353     CPU     
45    S-44       Proceso_44             LISTO      387       52578     52578     55        0         0         0           0         0         0       0        23       0        0       -1      0        0         28       228     559     IO      
46    T-45       Proceso_45             LISTO      756       52241     52241     20        0         0         0           0         0         0       0        29       0        0       -1      0        0         13       321     559     IO      
47    U-46       Proceso_46             LISTO      42        44691     43757     24        934       382       0           0         22        22      40       22       0        0       -1      0        0         23       266     389     CPU     
48    V-47       Proceso_47             LISTO      115       26418     26418     15        0         0         0           0         0         0       0        13       0        0       -1      0        0         4        76      790     CPU     
49    W-48       Proceso_48             LISTO      138       32517     32212     10        305       309       10          0         11        11      40       18       0        0       -1      0        0         26       765     178     IO      
50    X-49       Proceso_49             LISTO      690       84766     84766     14        0         0         0           0         0         0       0        22       0        0       -1      0        0         6        973     55      CPU     
51    Y-50       Proceso_50             LISTO      491       73041     73041     25        0         0         0           0         0         0       0        26       0        0       -1      0        0         28       345     703     IO      
52    Z-51       Proceso_51             LISTO      263       31395     31395     16        0         0         0           0         0         0       0        15       0        0       -1      0        0         30       471     20      CPU     
53    A-52       Proceso_52             ESP_ES     95        3481      2789      70        692       340       2           0         16        16      40       15       0        0       2       360      0         24       383     364     CPU     
54    B-53       Proceso_53             LISTO      454       25022     25022     28        0         0         0           0         0         0       0        25       0        0       -1      0        0         14       813     661     IO      
55    C-54       Proceso_54             LISTO      630       19542     19542     11        0         0         0           0         0         0       0        14       0        0       -1      0        0         4        388     805     IO      
56    D-55       Proceso_55             LISTO      31        45848     44889     67        959       436       1           0         23        23      40       15       0        0       -1      0        0         20       20      919     IO      
57    E-56       Proceso_56             LISTO      497       81808     81808     64        0         0         0           0         0         0       0        21       0        0       -1      0        0         30       864     288     CPU     
58    F-57       Proceso_57             LISTO      646       61383     61383     60        0         0         0           0         0         0       0        10       0        0       -1      0        0         6        203     446     CPU     
59    G-58       Proceso_58             LISTO      685       39893     39893     32        0         0         0           0         0         0       0        30       0        0       -1      0        0         26       155     434     CPU     
60    H-59       Proceso_59             LISTO      476       83351     83351     60        0         0         0           0         0         0       0        10       0        0       -1      0        0         19       61      331     CPU     
61    I-60       Proceso_60             LISTO      446       65470     65401     25        69        155       50          0         2         2       40       26       0        0       -1      0        0         5        479     319     IO      
62    J-61       Proceso_61             LISTO      480       64608     64608     49        0         0         0           0         0         0       0        11       0        0       -1      0        0         14       307     900     CPU     
63    K-62       Proceso_62             LISTO      599       27774     27774     11        0         0         0           0         0         0       0        19       0        0       -1      0        0         6        726     802     IO      
64    L-63       Proceso_63             LISTO      726       42872     42872     49        0         0         0           0         0         0       0        29       0        0       -1      0        0         13       948     289     CPU     
65    M-64       Proceso_64             LISTO      9         26893     26893     50        0         0         0           0         0         0       0        12       0        0       -1      0        0         20       216     813     CPU     
66    N-65       Proceso_65             LISTO      208       62181     62181     10        0         0         0           0         0         0       0        10       0        0       -1      0        0         13       465     408     IO      
67    O-66       Proceso_66             LISTO      522       78335     78312     23        23        79        61          0         1         1       40       15       0        0       -1      0        0         29       370     772     IO      
68    P-67       Proceso_67             LISTO      429       28038     28038     53        0         0         0           0         0         0       0        12       0        0       -1      0        0         9        496     976     CPU     
69    Q-68       Proceso_68             LISTO      301       24057     23887     36        170       284       31          0         6         6       40       23       0        0       -1      0        0         29       556     932     CPU     
70    R-69       Proceso_69             LISTO      757       57948     57948     18        0         0         0           0         0         0       0        12       0        0       -1      0        0         13       933     276     IO      
71    S-70       Proceso_70             LISTO      276       56612     56612     28        0         0         0           0         0         0       0        28       0        0       -1      0        0         25       553     838     IO      
72    T-71       Proceso_71             LISTO      643       51670     51670     32        0         0         0           0         0         0       0        25       0        0       -1      0        0         7        113     157     IO      
73    U-72       Proceso_72             LISTO      131       15037     14637     18        400       260       10          0         9         9       40       29       0        0       -1      0        0         20       637     689     CPU     
74    V-73       Proceso_73             LISTO      5         37979     37008     31        971       403       0           0         24        24      40       29       0        0       -1      0        0         20       739     418     IO      
75    W-74       Proceso_74             LISTO      532       39140     39082     58        58        69        59          0         1         1       40       22       0        0       -1      0        0         20       941     781     CPU     
76    X-75       Proceso_75             LISTO      297       63912     63692     13        220       247       30          0         5         5       40       10       0        0       -1      0        0         25       30      744     IO      
77    Y-76       Proceso_76             LISTO      136       11548     11548     21        0         0         0           0         0         0       0        23       0        0       -1      0        0         7        836     986     IO      
78    Z-77       Proceso_77             LISTO      799       18700     18700     29        0         0         0           0         0         0       0        15       0        0       -1      0        0         7        918     284     IO      
79    A-78       Proceso_78             LISTO      718       281       281       29        0         0         0           0         0         0       0        27       0        0       -1      0        0         10       698     179     CPU     
80    B-79       Proceso_79             LISTO      404       74961     74961     60        0         0         0           0         0         0       0        10       0        0       -1      0        0         23       522     277     IO      
81    C-80       Proceso_80             LISTO      645       81670     81670     35        0         0         0           0         0         0       0        24       0        0       -1      0        0         31       444     294     IO      
82    D-81       Proceso_81             LISTO      335       5853      5645      27        208       247       38          0         5         5       40       12       0        0       -1      0        0         23       255     725     CPU     
83    E-82       Proceso_82             LISTO      694       77547     77547     47        0         0         0           0         0         0       0        23       0        0       -1      0        0         7        471     990     IO      
84    F-83       Proceso_83             LISTO      621       37771     37771     55        0         0         0           0         0         0       0        22       0        0       -1      0        0         25       123     431     IO      
85    G-84       Proceso_84             LISTO      421       66303     66303     46        0         0         0           0         0         0       0        22       0        0       -1      0        0         11       513     106     IO      
86    H-85       Proceso_85             LISTO      99        83266     83266     14        0         0         0           0         0         0       0        25       0        0       -1      0        0         8        1       997     CPU     
87    I-86       Proceso_86             LISTO      26        34958     34958     62        0         0         0           0         0         0       0        16       0        0       -1      0        0         9        212     242     IO      
88    J-87       Proceso_87             LISTO      768       56927     56927     31        0         0         0           0         0         0       0        14       0        0       -1      0        0         8        843     385     IO      
89    K-88       Proceso_88             LISTO      40        15508     15508     23        0         0         0           0         0         0       0        25       0        0       -1      0        0         21       826     613     CPU     
90    L-89       Proceso_89             LISTO      258       59121     58772     48        349       301       20          0         7         7       40       21       0        0       -1      0        0         17       333     259     IO      
91    M-90       Proceso_90             LISTO      571       78746     78746     39        0         0         0           0         0         0       0        23       0        0       -1      0        0         19       452     977     IO      
92    N-91       Proceso_91             LISTO      534       53133     53116     17        17        67        61          0         1         1       40       22       0        0       -1      0        0         8        565     604     CPU     
93    O-92       Proceso_92             LISTO      80        22046     22046     26        0         0         0           0         0         0       0        11       0        0       -1      0        0         29       449     987     CPU     
94    P-93       Proceso_93             LISTO      271       71836     71836     22        0         0         0           0         0         0       0        22       0        0       -1      0        0         18       832     965     IO      
95    Q-94       Proceso_94             LISTO      47        10940     10297     21        643       367       1           0         19        19      40       28       0        0       -1      0        0         14       292     721     CPU     
96    R-95       Proceso_95             LISTO      647       69015     69015     12        0         0         0           0         0         0       0        23       0        0       -1      0        0         28       717     286     CPU     
97    S-96       Proceso_96             LISTO      529       23385     23365     20        20        72        58          0         1         1       40       27       0        0       -1      0        0         13       609     850     CPU     
98    T-97       Proceso_97             LISTO      373       17543     17430     17        113       214       42          0         4         4       40       29       0        0       -1      0        0         29       936     708     IO      
99    U-98       Proceso_98             LISTO      793       31857     31857     14        0         0         0           0         0         0       0        25       0        0       -1      0        0         25       864     919     IO      
100   V-99       Proceso_99             LISTO      107       5102      5102      19        0         0         0           0         0         0       0        29       0        0       -1      0        0         31       327     344     IO      
101   W-100      Proceso_100            LISTO      585       50945     50945     68        0         16        0           0         0         0       0        24       0        0       -1      0        0         26       577     604     IO      
102   X-101      Proceso_101            LISTO      190       76617     76617     55        0         0         0           0         0         0       0        18       0        0       -1      0        0         13       160     87      CPU     
103   Y-102      Proceso_102            LISTO      396       18382     18304     17        78        205       44          0         3         3       40       26       0        0       -1      0        0         6        546     348     CPU     
104   Z-103      Proceso_103            LISTO      57        36453     36453     69        0         0         0           0         0         0       0        27       0        0       -1      0        0         22       944     613     CPU     
105   A-104      Proceso_104            LISTO      227       61893     61893     12        0         0         0           0         0         0       0        26       0        0       -1      0        0         14       393     947     IO      
106   B-105      Proceso_105            LISTO      384       54631     54631     29        0         0         0           0         0         0       0        18       0        0       -1      0        0         28       151     781     CPU     
107   C-106      Proceso_106            LISTO      72        84887     84284     24        603       329       3           0         15        15      40       14       0        0       -1      0        0         9        487     932     CPU     
108   D-107      Proceso_107            LISTO      123       24350     24350     13        0         0         0           0         0         0       0        18       0        0       -1      0        0         18       947     912     IO      
109   E-108      Proceso_108            LISTO      693       11490     11490     13        0         0         0           0         0         0       0        26       0        0       -1      0        0         7        932     224     CPU     
110   F-109      Proceso_109            LISTO      469       80771     80771     20        0         0         0           0         0         0       0        24       0        0       -1      0        0         26       755     256     IO      
111   G-110      Proceso_110            LISTO      82        56042     56042     17        0         0         0           0         0         0       0        28       0        0       -1      0        0         15       466     393     IO      
112   H-111      Proceso_111            LISTO      259       48802     48554     47        248       220       21          0         5         5       40       25       0        0       -1      0        0         8        374     474     IO      
113   I-112      Proceso_112            LISTO      171       72411     72411     30        0         0         0           0         0         0       0        14       0        0       -1      0        0         4        688     153     IO      
114   J-113      Proceso_113            LISTO      222       68008     67719     40        289       356       17          0         9         9       40       11       0        0       -1      0        0         32       669     810     IO      
115   K-114      Proceso_114            LISTO      218       49077     49077     59        0         0         0           0         0         0       0        13       0        0       -1      0        0         22       120     427     IO      
116   L-115      Proceso_115            LISTO      711       4276      4276      38        0         0         0           0         0         0       0        16       0        0       -1      0        0         22       745     339     CPU     
117   M-116      Proceso_116            LISTO      155       19280     18875     41        405       345       9           0         11        11      40       24       0        0       -1      0        0         32       466     780     CPU     
118   N-117      Proceso_117            LISTO      794       35633     35633     42        0         0         0           0         0         0       0        27       0        0       -1      0        0         32       17      291     CPU     
119   O-118      Proceso_118            LISTO      27        35821     34883     27        938       394       0           0         28        28      40       19       0        0       -1      0        0         15       542     266     IO      
120   P-119      Proceso_119            LISTO      24        81728     81728     19        0         0         0           0         0         0       0        19       0        0       -1      0        0         20       344     866     IO      
121   Q-120      Proceso_120            LISTO      453       38580     38580     29        0         0         0           0         0         0       0        13       0        0       -1      0        0         21       14      283     CPU     
122   R-121      Proceso_121            LISTO      260       4932      4681      37        251       304       22          0         7         7       40       24       0        0       -1      0        0         26       240     450     IO      
123   S-122      Proceso_122            LISTO      321       22615     22615     24        0         0         0           0         0         0       0        21       0        0       -1      0        0         17       101     344     IO      
124   T-123      Proceso_123            LISTO      440       59598     59598     37        0         0         0           0         0         0       0        27       0        0       -1      0        0         15       794     365     CPU     
125   U-124      Proceso_124            LISTO      130       79214     78637     34        577       382       8           0         14        14      40       28       0        0       -1      0        0         15       920     658     CPU     
126   V-125      Proceso_125            LISTO      417       10547     10547     48        0         0         0           0         0         0       0        20       0        0       -1      0        0         32       206     480     CPU     
127   W-126      Proceso_126            LISTO      261       69579     69304     19        275       317       24          0         7         7       40       28       0        0       -1      0        0         11       467     21      IO      
128   X-127      Proceso_127            LISTO      778       50823     50823     21        0         0         0           0         0         0       0        24       0        0       -1      0        0         22       433     374     IO      
129   Y-128      Proceso_128            LISTO      482       69096     69096     23        0         0         0           0         0         0       0        20       0        0       -1      0        0         26       331     758     IO      
130   Z-129      Proceso_129            LISTO      206       54044     54044     22        0         0         0           0         0         0       0        21       0        0       -1      0        0         19       931     929     CPU     
131   A-130      Proceso_130            LISTO      568       65240     65240     23        0         0         0           0         0         0       0        21       0        0       -1      0        0         14       107     100     CPU     
132   B-131      Proceso_131            LISTO      332       67693     67693     49        0         0         0           0         0         0       0        17       0        0       -1      0        0         15       151     527     IO      
133   C-132      Proceso_132            LISTO      213       18323     17954     49        369       317       11          0         8         8       40       21       0        0       -1      0        0         30       606     188     CPU     
134   D-133      Proceso_133            LISTO      582       84321     84321     66        0         0         0           0         0         0       0        18       0        0       -1      0        0         18       256     906     CPU     
135   E-134      Proceso_134            LISTO      635       30006     30006     62        0         0         0           0         0         0       0        10       0        0       -1      0        0         27       844     580     IO      
136   F-135      Proceso_135            LISTO      708       24591     24591     46        0         0         0           0         0         0       0        13       0        0       -1      0        0         19       21      144     IO      
137   G-136      Proceso_136            LISTO      380       45351     45351     21        0         0         0           0         0         0       0        25       0        0       -1      0        0         14       785     595     CPU     
138   H-137      Proceso_137            LISTO      116       2701      2701      20        0         0         0           0         0         0       0        27       0        0       -1      0        0         27       927     232     IO      
139   I-138      Proceso_138            LISTO      345       31944     31944     27        0         0         0           0         0         0       0        12       0        0       -1      0        0         5        347     485     CPU     
140   J-139      Proceso_139            LISTO      96        13780     13780     36        0         0         0           0         0         0       0        27       0        0       -1      0        0         23       792     671     IO      
141   K-140      Proceso_140            LISTO      610       33401     33401     45        0         0         0           0         0         0       0        10       0        0       -1      0        0         17       930     930     IO      
142   L-141      Proceso_141            LISTO      684       48524     48524     68        0         0         0           0         0         0       0        20       0        0       -1      0        0         27       114     400     CPU     
143   M-142      Proceso_142            LISTO      581       39410     39410     26        0         0         0           0         0         0       0        30       0        0       -1      0        0         30       965     850     IO      
144   N-143      Proceso_143            LISTO      330       4528      4528      55        0         0         0           0         0         0       0        26       0        0       -1      0        0         7        423     730     CPU     
145   O-144      Proceso_144            LISTO      117       21434     20837     13        597       374       0           0         17        17      40       25       0        0       -1      0        0         8        634     336     IO      
146   P-145      Proceso_145            LISTO      356       20457     20457     11        0         0         0           0         0         0       0        21       0        0       -1      0        0         18       106     543     CPU     
147   Q-146      Proceso_146            LISTO      397       66821     66714     53        107       136       45          0         2         2       40       14       0        0       -1      0        0         7        725     192     IO      
148   R-147      Proceso_147            LISTO      464       80620     80620     45        0         0         0           0         0         0       0        22       0        0       -1      0        0         30       830     426     IO      
149   S-148      Proceso_148            LISTO      119       60795     60795     49        0         0         0           0         0         0       0        24       0        0       -1      0        0         8        192     496     CPU     
150   T-149      Proceso_149            LISTO      189       79011     79011     25        0         0         0           0         0         0       0        23       0        0       -1      0        0         23       887     743     IO      
151   U-150      Proceso_150            LISTO      273       66086     65812     38        274       315       24          0         7         7       40       18       0        0       -1      0        0         30       910     96      CPU     
152   V-151      Proceso_151            LISTO      185       19569     19175     55        394       288       7           0         10        10      40       22       0        0       -1      0        0         17       323     664     CPU     
153   W-152      Proceso_152            LISTO      742       33784     33784     68        0         0         0           0         0         0       0        29       0        0       -1      0        0         14       660     984     IO      
154   X-153      Proceso_153            LISTO      359       41736     41610     66        126       220       41          0         4         4       40       22       0        0       -1      0        0         10       805     142     CPU     
155   Y-154      Proceso_154            LISTO      328       40587     40587     60        0         0         0           0         0         0       0        11       0        0       -1      0        0         29       892     199     IO      
156   Z-155      Proceso_155            LISTO      230       40393     40154     48        239       270       19          0         6         6       40       28       0        0       -1      0        0         29       984     640     IO      
157   A-156      Proceso_156            LISTO      339       30721     30587     32        134       192       41          0         3         3       40       20       0        0       -1      0        0         27       803     539     IO      
158   B-157      Proceso_157            LISTO      25        8479      8479      18        0         0         0           0         0         0       0        29       0        0       -1      0        0         31       514     150     CPU     
159   C-158      Proceso_158            LISTO      406       78063     77889     58        174       177       43          0         3         3       40       25       0        0       -1      0        0         29       105     557     IO      
160   D-159      Proceso_159            LISTO      649       37688     37688     20        0         0         0           0         0         0       0        13       0        0       -1      0        0         7        570     311     CPU     
161   E-160      Proceso_160            LISTO      639       68678     68678     17        0         0         0           0         0         0       0        28       0        0       -1      0        0         5        525     877     CPU     
162   F-161      Proceso_161            LISTO      780       27180     27180     54        0         0         0           0         0         0       0        16       0        0       -1      0        0         17       56      671     CPU     
163   G-162      Proceso_162            LISTO      317       50227     50227     19        0         0         0           0         0         0       0        12       0        0       -1      0        0         24       333     493     CPU     
164   H-163      Proceso_163            LISTO      734       22146     22146     40        0         0         0           0         0         0       0        21       0        0       -1      0        0         26       513     548     IO      
165   I-164      Proceso_164            LISTO      784       75839     75839     37        0         0         0           0         0         0       0        21       0        0       -1      0        0         25       948     834     CPU     
166   J-165      Proceso_165            LISTO      758       57910     57910     14        0         0         0           0         0         0       0        16       0        0       -1      0        0         19       301     630     CPU     
167   K-166      Proceso_166            LISTO      409       36283     36283     37        0         0         0           0         0         0       0        14       0        0       -1      0        0         8        725     986     CPU     
168   L-167      Proceso_167            LISTO      199       24897     24897     31        0         0         0           0         0         0       0        22       0        0       -1      0        0         29       965     555     IO      
169   M-168      Proceso_168            LISTO      240       38186     37820     68        366       343       16          0         8         8       40       16       0        0       -1      0        0         26       558     421     CPU     
170   N-169      Proceso_169            LISTO      73        29507     29507     56        0         0         0           0         0         0       0        28       0        0       -1      0        0         6        599     626     CPU     
171   O-170      Proceso_170            LISTO      633       42084     42084     34        0         0         0           0         0         0       0        21       0        0       -1      0        0         26       333     432     CPU     
172   P-171      Proceso_171            LISTO      381       52712     52560     66        152       152       45          0         3         3       40       19       0        0       -1      0        0         12       637     179     IO      
173   Q-172      Proceso_172            LISTO      12        16135     15218     68        917       389       0           0         22        22      40       27       0        0       -1      0        0         20       737     428     CPU     
174   R-173      Proceso_173            LISTO      432       34429     34330     36        99        169       47          0         3         3       40       26       0        0       -1      0        0         25       947     113     IO      
175   S-174      Proceso_174            LISTO      781       64300     64300     30        0         0         0           0         0         0       0        10       0        0       -1      0        0         21       123     712     IO      
176   T-175      Proceso_175            LISTO      416       84934     84934     67        0         0         0           0         0         0       0        10       0        0       -1      0        0         4        116     904     CPU     
177   U-176      Proceso_176            LISTO      314       61667     61667     60        0         0         0           0         0         0       0        24       0        0       -1      0        0         11       880     39      CPU     
178   V-177      Proceso_177            LISTO      22        71422     71422     27        0         0         0           0         0         0       0        10       0        0       -1      0        0         24       5       21      CPU     
179   W-178      Proceso_178            LISTO      357       9467      9467      23        0         0         0           0         0         0       0        18       0        0       -1      0        0         23       55      942     IO      
180   X-179      Proceso_179            LISTO      51        6393      5738      63        655       447       4           0         19        19      40       12       0        0       -1      0        0         25       919     817     IO      
181   Y-180      Proceso_180            LISTO      215       43631     43631     44        0         0         0           0         0         0       0        25       0        0       -1      0        0         32       89      534     IO      
182   Z-181      Proceso_181            LISTO      322       24212     24212     67        0         0         0           0         0         0       0        22       0        0       -1      0        0         9        617     661     CPU     
183   A-182      Proceso_182            LISTO      459       22760     22677     63        83        142       54          0         2         2       40       22       0        0       -1      0        0         16       832     875     IO      
184   B-183      Proceso_183            LISTO      696       19222     19222     65        0         0         0           0         0         0       0        19       0        0       -1      0        0         25       499     24      CPU     
185   C-184      Proceso_184            LISTO      588       37445     37445     48        0         0         0           0         0         0       0        16       0        0       -1      0        0         6        730     645     CPU     
186   D-185      Proceso_185            LISTO      354       60258     60258     25        0         0         0           0         0         0       0        17       0        0       -1      0        0         31       4       692     CPU     
187   E-186      Proceso_186            LISTO      586       52734     52734     26        0         15        0           0         0         0       0        15       0        0       -1      0        0         4        814     883     IO      
188   F-187      Proceso_187            LISTO      293       80128     80128     11        0         0         0           0         0         0       0        15       0        0       -1      0        0         12       45      427     IO      
189   G-188      Proceso_188            LISTO      319       27782     27528     41        254       265       37          0         5         5       40       18       0        0       -1      0        0         16       404     855     IO      
190   H-189      Proceso_189            LISTO      724       40485     40485     36        0         0         0           0         0         0       0        16       0        0       -1      0        0         30       811     81      IO      
191   I-190      Proceso_190            LISTO      559       28090     28090     70        0         0         0           0         0         0       0        20       0        0       -1      0        0         26       606     229     CPU     
192   J-191      Proceso_191            LISTO      608       70390     70390     53        0         0         0           0         0         0       0        23       0        0       -1      0        0         13       942     758     IO      
193   K-192      Proceso_192            LISTO      551       24389     24389     15        0         0         0           0         0         0       0        20       0        0       -1      0        0         16       769     67      CPU     
194   L-193      Proceso_193            LISTO      595       82797     82797     65        0         6         0           0         0         0       0        30       0        0       -1      0        0         5        790     446     IO      
195   M-194      Proceso_194            LISTO      512       10884     10884     64        0         0         0           0         0         0       0        11       0        0       -1      0        0         4        716     868     IO      
196   N-195      Proceso_195            LISTO      648       84408     84408     47        0         0         0           0         0         0       0        26       0        0       -1      0        0         29       440     970     IO      
197   O-196      Proceso_196            LISTO      367       82444     82444     34        0         0         0           0         0         0       0        16       0        0       -1      0        0         31       977     943     IO      
198   P-197      Proceso_197            LISTO      275       61953     61953     19        0         0         0           0         0         0       0        15       0        0       -1      0        0         20       317     377     CPU     
199   Q-198      Proceso_198            LISTO      172       22518     22164     46        354       273       7           0         8         8       40       19       0        0       -1      0        0         16       804     265     IO      
200   R-199      Proceso_199            LISTO      352       38072     38072     56        0         0         0           0         0         0       0        14       0        0       -1      0        0         11       382     33      CPU     
201   S-200      Proceso_200            ESP_ES     294       70810     70565     23        245       270       28          0         6         6       40       14       0        0       1       128      0         20       21      990     IO      
202   T-201      Proceso_201            LISTO      450       69475     69475     11        0         0         0           0         0         0       0        12       0        0       -1      0        0         6        105     618     IO      
203   U-202      Proceso_202            LISTO      50        34846     34173     36        673       353       3           0         16        16      40       28       0        0       -1      0        0         17       138     605     IO      
204   V-203      Proceso_203            LISTO      622       76012     76012     52        0         0         0           0         0         0       0        26       0        0       -1      0        0         11       401     783     CPU     
205   W-204      Proceso_204            LISTO      320       21855     21855     51        0         0         0           0         0         0       0        13       0        0       -1      0        0         9        705     232     CPU     
206   X-205      Proceso_205            LISTO      619       67213     67213     18        0         0         0           0         0         0       0        30       0        0       -1      0        0         13       516     271     IO      
207   Y-206      Proceso_206            LISTO      519       29365     29311     54        54        82        60          0         1         1       40       25       0        0       -1      0        0         5        457     395     IO      
208   Z-207      Proceso_207            LISTO      760       74779     74779     31        0         0         0           0         0         0       0        13       0        0       -1      0        0         21       685     91      CPU     
209   A-208      Proceso_208            LISTO      250       40728     40728     14        0         0         0           0         0         0       0        20       0        0       -1      0        0         25       777     391     CPU     
210   B-209      Proceso_209            LISTO      188       18634     18634     56        0         0         0           0         0         0       0        20       0        0       -1      0        0         9        978     483     IO      
211   C-210      Proceso_210            LISTO      212       36345     36345     70        0         0         0           0         0         0       0        29       0        0       -1      0        0         27       278     447     IO      
212   D-211      Proceso_211            LISTO      274       41474     41474     30        0         0         0           0         0         0       0        12       0        0       -1      0        0         32       796     873     IO      
213   E-212      Proceso_212            LISTO      563       40300     40300     23        0         0         0           0         0         0       0        20       0        0       -1      0        0         21       639     73      CPU     
214   F-213      Proceso_213            LISTO      76        42438     42438     61        0         0         0           0         0         0       0        23       0        0       -1      0        0         17       132     778     IO      
215   G-214      Proceso_214            LISTO      135       47417     47088     56        329       260       11          0         8         8       40       19       0        0       -1      0        0         21       923     646     IO      
216   H-215      Proceso_215            LISTO      33        54138     54138     32        0         0         0           0         0         0       0        29       0        0       -1      0        0         6        724     591     CPU     
217   I-216      Proceso_216            LISTO      625       21742     21742     39        0         0         0           0         0         0       0        30       0        0       -1      0        0         29       102     414     CPU     
218   J-217      Proceso_217            LISTO      247       33349     33007     53        342       324       19          0         8         8       40       27       0        0       -1      0        0         15       332     927     IO      
219   K-218      Proceso_218            LISTO      23        74096     74096     25        0         0         0           0         0         0       0        24       0        0       -1      0        0         15       659     750     IO      
220   L-219      Proceso_219            LISTO      86        14541     14541     67        0         0         0           0         0         0       0        25       0        0       -1      0        0         12       236     669     CPU     
221   M-220      Proceso_220            ESP_ES     191       49135     48738     50        397       273       8           0         9         9       40       24       0        0       3       114      0         23       475     658     CPU     
222   N-221      Proceso_221            LISTO      609       37742     37742     51        0         0         0           0         0         0       0        26       0        0       -1      0        0         8        361     582     IO      
223   O-222      Proceso_222            LISTO      775       22972     22972     61        0         0         0           0         0         0       0        19       0        0       -1      0        0         21       755     66      IO      
224   P-223      Proceso_223            LISTO      302       41886     41696     52        190       284       32          0         6         6       40       15       0        0       -1      0        0         19       940     300     IO      
225   Q-224      Proceso_224            LISTO      223       21337     20983     54        354       316       17          0         8         8       40       10       0        0       -1      0        0         29       230     580     IO      
226   R-225      Proceso_225            LISTO      408       75288     75201     10        87        193       43          0         3         3       40       30       0        0       -1      0        0         17       908     889     IO      
227   S-226      Proceso_226            LISTO      506       38685     38685     59        0         0         0           0         0         0       0        25       0        0       -1      0        0         21       788     235     IO      
228   T-227      Proceso_227            LISTO      788       83599     83599     55        0         0         0           0         0         0       0        16       0        0       -1      0        0         8        13      741     CPU     
229   U-228      Proceso_228            LISTO      376       83086     82916     45        170       221       43          0         4         4       40       25       0        0       -1      0        0         10       924     363     CPU     
230   V-229      Proceso_229            LISTO      207       48162     48162     59        0         0         0           0         0         0       0        14       0        0       -1      0        0         7        899     565     IO      
231   W-230      Proceso_230            LISTO      664       72031     72031     52        0         0         0           0         0         0       0        16       0        0       -1      0        0         7        440     335     IO      
232   X-231      Proceso_231            LISTO      211       31900     31900     66        0         0         0           0         0         0       0        20       0        0       -1      0        0         30       9       164     CPU     
233   Y-232      Proceso_232            LISTO      554       59192     59192     49        0         0         0           0         0         0       0        29       0        0       -1      0        0         20       383     996     IO      
234   Z-233      Proceso_233            LISTO      704       22672     22672     61        0         0         0           0         0         0       0        29       0        0       -1      0        0         17       808     535     IO      
235   A-234      Proceso_234            LISTO      485       40412     40371     41        41        116       54          0         1         1       40       22       0        0       -1      0        0         15       63      705     IO      
236   B-235      Proceso_235            LISTO      712       20671     20671     29        0         0         0           0         0         0       0        15       0        0       -1      0        0         27       500     636     CPU     
237   C-236      Proceso_236            LISTO      282       37020     36775     61        245       305       25          0         6         6       40       25       0        0       -1      0        0         8        338     499     CPU     
238   D-237      Proceso_237            LISTO      629       84094     84094     21        0         0         0           0         0         0       0        27       0        0       -1      0        0         9        105     228     CPU     
239   E-238      Proceso_238            LISTO      697       38383     38383     51        0         0         0           0         0         0       0        14       0        0       -1      0        0         8        895     339     CPU     
240   F-239      Proceso_239            LISTO      513       31104     31104     48        0         0         0           0         0         0       0        18       0        0       -1      0        0         29       775     627     CPU     
241   G-240      Proceso_240            LISTO      600       13973     13973     35        0         1         0           0         0         0       0        13       0        0       -1      0        0         19       915     1       IO      
242   H-241      Proceso_241            ESP_ES     284       25638     25393     50        245       255       27          0         6         6       40       14       0        0       2       122      0         31       485     323     CPU     
243   I-242      Proceso_242            LISTO      550       23447     23447     42        0         0         0           0         0         0       0        25       0        0       -1      0        0         16       892     128     IO      
244   J-243      Proceso_243            ESP_ES     420       37090     36970     68        120       105       46          0         2         2       40       22       0        0       3       128      0         12       53      314     IO      
245   K-244      Proceso_244            LISTO      770       17566     17566     62        0         0         0           0         0         0       0        16       0        0       -1      0        0         18       381     832     CPU     
246   L-245      Proceso_245            LISTO      627       3091      3091      66        0         0         0           0         0         0       0        16       0        0       -1      0        0         18       62      177     IO      
247   M-246      Proceso_246            LISTO      589       33574     33574     32        0         0         0           0         0         0       0        23       0        0       -1      0        0         7        538     656     IO      
248   N-247      Proceso_247            LISTO      134       35914     35914     20        0         0         0           0         0         0       0        23       0        0       -1      0        0         23       390     684     CPU     
249   O-248      Proceso_248            LISTO      75        40612     40612     56        0         0         0           0         0         0       0        25       0        0       -1      0        0         29       157     232     IO      
250   P-249      Proceso_249            LISTO      3         54460     54460     39        0         0         0           0         0         0       0        11       0        0       -1      0        0         18       916     924     IO      
