
========================================
 VARIABLES GLOBALES – Sat May 23 21:50:45 2026
========================================
 1. IteracionCPU:         20
 2. Algoritmo:            FCFS
 3. Quantum:              10
 4. ProcesosEnCiclo:      150
 5. NuevasSolicitudes:    100
 6. ProcesosTerminados:   0
 7. ProcesosNuevos:       100
 8. PromedioEspera:       18
 9. PromedioDesperdicio:  0
10. PromedioCiclosRest.:  46944
11. PromedioVecesEnCPU:   0
12. TamColaEnCiclo:       150
13. TamNuevasSolicitudes: 100
14. TamColaTerminados:    0
15. SumaEsperaTotal:      2810
16. SumaDesperdicioTotal: 0
17. SumaCiclosRestantes:  7041657
18. CantProcesosActivos:  150
19. AlgoritmoAnterior:    RR
20. AlgoritmoActual:      FCFS

========================================
 VARIABLES GLOBALES – Sat May 23 21:50:46 2026
========================================
 1. IteracionCPU:         40
 2. Algoritmo:            FCFS
 3. Quantum:              10
 4. ProcesosEnCiclo:      151
 5. NuevasSolicitudes:    100
 6. ProcesosTerminados:   0
 7. ProcesosNuevos:       100
 8. PromedioEspera:       35
 9. PromedioDesperdicio:  0
10. PromedioCiclosRest.:  46918
11. PromedioVecesEnCPU:   0
12. TamColaEnCiclo:       151
13. TamNuevasSolicitudes: 100
14. TamColaTerminados:    0
15. SumaEsperaTotal:      5304
16. SumaDesperdicioTotal: 0
17. SumaCiclosRestantes:  7084631
18. CantProcesosActivos:  151
19. AlgoritmoAnterior:    RR
20. AlgoritmoActual:      FCFS

========================================
 VARIABLES GLOBALES – Sat May 23 21:50:47 2026
========================================
 1. IteracionCPU:         60
 2. Algoritmo:            FCFS
 3. Quantum:              10
 4. ProcesosEnCiclo:      153
 5. NuevasSolicitudes:    100
 6. ProcesosTerminados:   0
 7. ProcesosNuevos:       100
 8. PromedioEspera:       48
 9. PromedioDesperdicio:  0
10. PromedioCiclosRest.:  47045
11. PromedioVecesEnCPU:   0
12. TamColaEnCiclo:       153
13. TamNuevasSolicitudes: 100
14. TamColaTerminados:    0
15. SumaEsperaTotal:      7468
16. SumaDesperdicioTotal: 0
17. SumaCiclosRestantes:  7197985
18. CantProcesosActivos:  153
19. AlgoritmoAnterior:    RR
20. AlgoritmoActual:      FCFS

========================================
 VARIABLES GLOBALES – Sat May 23 21:50:50 2026
========================================
 1. IteracionCPU:         80
 2. Algoritmo:            RR
 3. Quantum:              10
 4. ProcesosEnCiclo:      155
 5. NuevasSolicitudes:    100
 6. ProcesosTerminados:   0
 7. ProcesosNuevos:       100
 8. PromedioEspera:       61
 9. PromedioDesperdicio:  0
10. PromedioCiclosRest.:  47049
11. PromedioVecesEnCPU:   0
12. TamColaEnCiclo:       155
13. TamNuevasSolicitudes: 100
14. TamColaTerminados:    0
15. SumaEsperaTotal:      9506
16. SumaDesperdicioTotal: 0
17. SumaCiclosRestantes:  7292599
18. CantProcesosActivos:  155
19. AlgoritmoAnterior:    FCFS
20. AlgoritmoActual:      RR

========================================
 VARIABLES GLOBALES – Sat May 23 21:50:51 2026
========================================
 1. IteracionCPU:         20
 2. Algoritmo:            RR
 3. Quantum:              10
 4. ProcesosEnCiclo:      161
 5. NuevasSolicitudes:    100
 6. ProcesosTerminados:   0
 7. ProcesosNuevos:       0
 8. PromedioEspera:       70
 9. PromedioDesperdicio:  0
10. PromedioCiclosRest.:  47465
11. PromedioVecesEnCPU:   0
12. TamColaEnCiclo:       161
13. TamNuevasSolicitudes: 100
14. TamColaTerminados:    0
15. SumaEsperaTotal:      11388
16. SumaDesperdicioTotal: 0
17. SumaCiclosRestantes:  7641934
18. CantProcesosActivos:  161
19. AlgoritmoAnterior:    FCFS
20. AlgoritmoActual:      RR

========================================
 VARIABLES GLOBALES – Sat May 23 21:50:51 2026
========================================
 1. IteracionCPU:         100
 2. Algoritmo:            RR
 3. Quantum:              10
 4. ProcesosEnCiclo:      162
 5. NuevasSolicitudes:    100
 6. ProcesosTerminados:   0
 7. ProcesosNuevos:       100
 8. PromedioEspera:       73
 9. PromedioDesperdicio:  0
10. PromedioCiclosRest.:  47603
11. PromedioVecesEnCPU:   0
12. TamColaEnCiclo:       162
13. TamNuevasSolicitudes: 100
14. TamColaTerminados:    0
15. SumaEsperaTotal:      11883
16. SumaDesperdicioTotal: 0
17. SumaCiclosRestantes:  7711807
18. CantProcesosActivos:  162
19. AlgoritmoAnterior:    FCFS
20. AlgoritmoActual:      RR

========================================
 VARIABLES GLOBALES – Sat May 23 21:50:52 2026
========================================
 1. IteracionCPU:         40
 2. Algoritmo:            RR
 3. Quantum:              10
 4. ProcesosEnCiclo:      165
 5. NuevasSolicitudes:    100
 6. ProcesosTerminados:   0
 7. ProcesosNuevos:       0
 8. PromedioEspera:       84
 9. PromedioDesperdicio:  0
10. PromedioCiclosRest.:  47603
11. PromedioVecesEnCPU:   0
12. TamColaEnCiclo:       165
13. TamNuevasSolicitudes: 100
14. TamColaTerminados:    0
15. SumaEsperaTotal:      13920
16. SumaDesperdicioTotal: 0
17. SumaCiclosRestantes:  7854641
18. CantProcesosActivos:  165
19. AlgoritmoAnterior:    FCFS
20. AlgoritmoActual:      RR

========================================
 VARIABLES GLOBALES – Sat May 23 21:50:52 2026
========================================
 1. IteracionCPU:         120
 2. Algoritmo:            RR
 3. Quantum:              10
 4. ProcesosEnCiclo:      166
 5. NuevasSolicitudes:    100
 6. ProcesosTerminados:   0
 7. ProcesosNuevos:       100
 8. PromedioEspera:       87
 9. PromedioDesperdicio:  0
10. PromedioCiclosRest.:  47823
11. PromedioVecesEnCPU:   0
12. TamColaEnCiclo:       166
13. TamNuevasSolicitudes: 100
14. TamColaTerminados:    0
15. SumaEsperaTotal:      14489
16. SumaDesperdicioTotal: 0
17. SumaCiclosRestantes:  7938681
18. CantProcesosActivos:  166
19. AlgoritmoAnterior:    FCFS
20. AlgoritmoActual:      RR

========================================
 VARIABLES GLOBALES – Sat May 23 21:50:53 2026
========================================
 1. IteracionCPU:         60
 2. Algoritmo:            RR
 3. Quantum:              10
 4. ProcesosEnCiclo:      168
 5. NuevasSolicitudes:    100
 6. ProcesosTerminados:   0
 7. ProcesosNuevos:       0
 8. PromedioEspera:       100
 9. PromedioDesperdicio:  0
10. PromedioCiclosRest.:  48120
11. PromedioVecesEnCPU:   0
12. TamColaEnCiclo:       168
13. TamNuevasSolicitudes: 100
14. TamColaTerminados:    0
15. SumaEsperaTotal:      16890
16. SumaDesperdicioTotal: 0
17. SumaCiclosRestantes:  8084198
18. CantProcesosActivos:  168
19. AlgoritmoAnterior:    FCFS
20. AlgoritmoActual:      RR

========================================
 VARIABLES GLOBALES – Sat May 23 21:50:53 2026
========================================
 1. IteracionCPU:         140
 2. Algoritmo:            RR
 3. Quantum:              10
 4. ProcesosEnCiclo:      170
 5. NuevasSolicitudes:    100
 6. ProcesosTerminados:   0
 7. ProcesosNuevos:       100
 8. PromedioEspera:       103
 9. PromedioDesperdicio:  0
10. PromedioCiclosRest.:  48100
11. PromedioVecesEnCPU:   0
12. TamColaEnCiclo:       170
13. TamNuevasSolicitudes: 100
14. TamColaTerminados:    0
15. SumaEsperaTotal:      17566
16. SumaDesperdicioTotal: 0
17. SumaCiclosRestantes:  8177097
18. CantProcesosActivos:  170
19. AlgoritmoAnterior:    FCFS
20. AlgoritmoActual:      RR

========================================
 VARIABLES GLOBALES – Sat May 23 21:50:53 2026
========================================
 1. IteracionCPU:         80
 2. Algoritmo:            RR
 3. Quantum:              10
 4. ProcesosEnCiclo:      172
 5. NuevasSolicitudes:    100
 6. ProcesosTerminados:   0
 7. ProcesosNuevos:       0
 8. PromedioEspera:       117
 9. PromedioDesperdicio:  0
10. PromedioCiclosRest.:  48340
11. PromedioVecesEnCPU:   1
12. TamColaEnCiclo:       172
13. TamNuevasSolicitudes: 100
14. TamColaTerminados:    0
15. SumaEsperaTotal:      20230
16. SumaDesperdicioTotal: 0
17. SumaCiclosRestantes:  8314495
18. CantProcesosActivos:  172
19. AlgoritmoAnterior:    FCFS
20. AlgoritmoActual:      RR

========================================
 VARIABLES GLOBALES – Sat May 23 21:50:54 2026
========================================
 1. IteracionCPU:         160
 2. Algoritmo:            RR
 3. Quantum:              10
 4. ProcesosEnCiclo:      172
 5. NuevasSolicitudes:    100
 6. ProcesosTerminados:   0
 7. ProcesosNuevos:       100
 8. PromedioEspera:       121
 9. PromedioDesperdicio:  0
10. PromedioCiclosRest.:  48339
11. PromedioVecesEnCPU:   1
12. TamColaEnCiclo:       172
13. TamNuevasSolicitudes: 100
14. TamColaTerminados:    0
15. SumaEsperaTotal:      20899
16. SumaDesperdicioTotal: 0
17. SumaCiclosRestantes:  8314435
18. CantProcesosActivos:  172
19. AlgoritmoAnterior:    FCFS
20. AlgoritmoActual:      RR

========================================
 VARIABLES GLOBALES – Sat May 23 21:50:54 2026
========================================
 1. IteracionCPU:         100
 2. Algoritmo:            RR
 3. Quantum:              10
 4. ProcesosEnCiclo:      175
 5. NuevasSolicitudes:    100
 6. ProcesosTerminados:   0
 7. ProcesosNuevos:       0
 8. PromedioEspera:       136
 9. PromedioDesperdicio:  0
10. PromedioCiclosRest.:  48172
11. PromedioVecesEnCPU:   1
12. TamColaEnCiclo:       175
13. TamNuevasSolicitudes: 100
14. TamColaTerminados:    0
15. SumaEsperaTotal:      23936
16. SumaDesperdicioTotal: 0
17. SumaCiclosRestantes:  8430109
18. CantProcesosActivos:  175
19. AlgoritmoAnterior:    FCFS
20. AlgoritmoActual:      RR

========================================
 VARIABLES GLOBALES – Sat May 23 21:50:54 2026
========================================
 1. IteracionCPU:         180
 2. Algoritmo:            RR
 3. Quantum:              10
 4. ProcesosEnCiclo:      177
 5. NuevasSolicitudes:    100
 6. ProcesosTerminados:   0
 7. ProcesosNuevos:       100
 8. PromedioEspera:       140
 9. PromedioDesperdicio:  0
10. PromedioCiclosRest.:  47882
11. PromedioVecesEnCPU:   1
12. TamColaEnCiclo:       177
13. TamNuevasSolicitudes: 100
14. TamColaTerminados:    0
15. SumaEsperaTotal:      24836
16. SumaDesperdicioTotal: 0
17. SumaCiclosRestantes:  8475170
18. CantProcesosActivos:  177
19. AlgoritmoAnterior:    FCFS
20. AlgoritmoActual:      RR

========================================
 VARIABLES GLOBALES – Sat May 23 21:50:55 2026
========================================
 1. IteracionCPU:         120
 2. Algoritmo:            RR
 3. Quantum:              15
 4. ProcesosEnCiclo:      180
 5. NuevasSolicitudes:    100
 6. ProcesosTerminados:   0
 7. ProcesosNuevos:       0
 8. PromedioEspera:       157
 9. PromedioDesperdicio:  0
10. PromedioCiclosRest.:  48028
11. PromedioVecesEnCPU:   1
12. TamColaEnCiclo:       180
13. TamNuevasSolicitudes: 100
14. TamColaTerminados:    0
15. SumaEsperaTotal:      28327
16. SumaDesperdicioTotal: 0
17. SumaCiclosRestantes:  8645154
18. CantProcesosActivos:  180
19. AlgoritmoAnterior:    FCFS
20. AlgoritmoActual:      RR

========================================
 VARIABLES GLOBALES – Sat May 23 21:50:55 2026
========================================
 1. IteracionCPU:         200
 2. Algoritmo:            RR
 3. Quantum:              15
 4. ProcesosEnCiclo:      181
 5. NuevasSolicitudes:    100
 6. ProcesosTerminados:   0
 7. ProcesosNuevos:       100
 8. PromedioEspera:       161
 9. PromedioDesperdicio:  0
10. PromedioCiclosRest.:  48173
11. PromedioVecesEnCPU:   1
12. TamColaEnCiclo:       181
13. TamNuevasSolicitudes: 100
14. TamColaTerminados:    0
15. SumaEsperaTotal:      29266
16. SumaDesperdicioTotal: 0
17. SumaCiclosRestantes:  8719482
18. CantProcesosActivos:  181
19. AlgoritmoAnterior:    FCFS
20. AlgoritmoActual:      RR

========================================
 VARIABLES GLOBALES – Sat May 23 21:50:56 2026
========================================
 1. IteracionCPU:         140
 2. Algoritmo:            RR
 3. Quantum:              20
 4. ProcesosEnCiclo:      183
 5. NuevasSolicitudes:    100
 6. ProcesosTerminados:   0
 7. ProcesosNuevos:       0
 8. PromedioEspera:       181
 9. PromedioDesperdicio:  0
10. PromedioCiclosRest.:  48335
11. PromedioVecesEnCPU:   1
12. TamColaEnCiclo:       183
13. TamNuevasSolicitudes: 100
14. TamColaTerminados:    0
15. SumaEsperaTotal:      33273
16. SumaDesperdicioTotal: 11
17. SumaCiclosRestantes:  8845384
18. CantProcesosActivos:  183
19. AlgoritmoAnterior:    FCFS
20. AlgoritmoActual:      RR

========================================
 VARIABLES GLOBALES – Sat May 23 21:50:56 2026
========================================
 1. IteracionCPU:         220
 2. Algoritmo:            RR
 3. Quantum:              20
 4. ProcesosEnCiclo:      183
 5. NuevasSolicitudes:    100
 6. ProcesosTerminados:   0
 7. ProcesosNuevos:       100
 8. PromedioEspera:       187
 9. PromedioDesperdicio:  0
10. PromedioCiclosRest.:  48334
11. PromedioVecesEnCPU:   1
12. TamColaEnCiclo:       183
13. TamNuevasSolicitudes: 100
14. TamColaTerminados:    0
15. SumaEsperaTotal:      34221
16. SumaDesperdicioTotal: 36
17. SumaCiclosRestantes:  8845269
18. CantProcesosActivos:  183
19. AlgoritmoAnterior:    FCFS
20. AlgoritmoActual:      RR

========================================
 VARIABLES GLOBALES – Sat May 23 21:50:57 2026
========================================
 1. IteracionCPU:         160
 2. Algoritmo:            RR
 3. Quantum:              25
 4. ProcesosEnCiclo:      183
 5. NuevasSolicitudes:    100
 6. ProcesosTerminados:   0
 7. ProcesosNuevos:       0
 8. PromedioEspera:       207
 9. PromedioDesperdicio:  0
10. PromedioCiclosRest.:  48332
11. PromedioVecesEnCPU:   1
12. TamColaEnCiclo:       183
13. TamNuevasSolicitudes: 100
14. TamColaTerminados:    0
15. SumaEsperaTotal:      38052
16. SumaDesperdicioTotal: 37
17. SumaCiclosRestantes:  8844870
18. CantProcesosActivos:  183
19. AlgoritmoAnterior:    FCFS
20. AlgoritmoActual:      RR

========================================
 VARIABLES GLOBALES – Sat May 23 21:50:57 2026
========================================
 1. IteracionCPU:         240
 2. Algoritmo:            RR
 3. Quantum:              25
 4. ProcesosEnCiclo:      184
 5. NuevasSolicitudes:    100
 6. ProcesosTerminados:   0
 7. ProcesosNuevos:       100
 8. PromedioEspera:       212
 9. PromedioDesperdicio:  0
10. PromedioCiclosRest.:  48109
11. PromedioVecesEnCPU:   1
12. TamColaEnCiclo:       184
13. TamNuevasSolicitudes: 100
14. TamColaTerminados:    0
15. SumaEsperaTotal:      39110
16. SumaDesperdicioTotal: 51
17. SumaCiclosRestantes:  8852203
18. CantProcesosActivos:  184
19. AlgoritmoAnterior:    FCFS
20. AlgoritmoActual:      RR

========================================
 VARIABLES GLOBALES – Sat May 23 21:50:57 2026
========================================
 1. IteracionCPU:         180
 2. Algoritmo:            RR
 3. Quantum:              30
 4. ProcesosEnCiclo:      187
 5. NuevasSolicitudes:    100
 6. ProcesosTerminados:   0
 7. ProcesosNuevos:       0
 8. PromedioEspera:       231
 9. PromedioDesperdicio:  0
10. PromedioCiclosRest.:  48580
11. PromedioVecesEnCPU:   1
12. TamColaEnCiclo:       187
13. TamNuevasSolicitudes: 100
14. TamColaTerminados:    0
15. SumaEsperaTotal:      43314
16. SumaDesperdicioTotal: 110
17. SumaCiclosRestantes:  9084527
18. CantProcesosActivos:  187
19. AlgoritmoAnterior:    FCFS
20. AlgoritmoActual:      RR

========================================
 VARIABLES GLOBALES – Sat May 23 21:50:58 2026
========================================
 1. IteracionCPU:         260
 2. Algoritmo:            RR
 3. Quantum:              30
 4. ProcesosEnCiclo:      187
 5. NuevasSolicitudes:    100
 6. ProcesosTerminados:   0
 7. ProcesosNuevos:       100
 8. PromedioEspera:       236
 9. PromedioDesperdicio:  0
10. PromedioCiclosRest.:  48579
11. PromedioVecesEnCPU:   1
12. TamColaEnCiclo:       187
13. TamNuevasSolicitudes: 100
14. TamColaTerminados:    0
15. SumaEsperaTotal:      44289
16. SumaDesperdicioTotal: 142
17. SumaCiclosRestantes:  9084409
18. CantProcesosActivos:  187
19. AlgoritmoAnterior:    FCFS
20. AlgoritmoActual:      RR

========================================
 VARIABLES GLOBALES – Sat May 23 21:50:58 2026
========================================
 1. IteracionCPU:         200
 2. Algoritmo:            RR
 3. Quantum:              30
 4. ProcesosEnCiclo:      190
 5. NuevasSolicitudes:    100
 6. ProcesosTerminados:   0
 7. ProcesosNuevos:       0
 8. PromedioEspera:       254
 9. PromedioDesperdicio:  1
10. PromedioCiclosRest.:  48775
11. PromedioVecesEnCPU:   1
12. TamColaEnCiclo:       190
13. TamNuevasSolicitudes: 100
14. TamColaTerminados:    0
15. SumaEsperaTotal:      48397
16. SumaDesperdicioTotal: 247
17. SumaCiclosRestantes:  9267303
18. CantProcesosActivos:  190
19. AlgoritmoAnterior:    FCFS
20. AlgoritmoActual:      RR

========================================
 VARIABLES GLOBALES – Sat May 23 21:50:58 2026
========================================
 1. IteracionCPU:         280
 2. Algoritmo:            RR
 3. Quantum:              30
 4. ProcesosEnCiclo:      190
 5. NuevasSolicitudes:    100
 6. ProcesosTerminados:   0
 7. ProcesosNuevos:       100
 8. PromedioEspera:       259
 9. PromedioDesperdicio:  1
10. PromedioCiclosRest.:  48774
11. PromedioVecesEnCPU:   1
12. TamColaEnCiclo:       190
13. TamNuevasSolicitudes: 100
14. TamColaTerminados:    0
15. SumaEsperaTotal:      49357
16. SumaDesperdicioTotal: 247
17. SumaCiclosRestantes:  9267123
18. CantProcesosActivos:  190
19. AlgoritmoAnterior:    FCFS
20. AlgoritmoActual:      RR

========================================
 VARIABLES GLOBALES – Sat May 23 21:50:59 2026
========================================
 1. IteracionCPU:         220
 2. Algoritmo:            RR
 3. Quantum:              30
 4. ProcesosEnCiclo:      195
 5. NuevasSolicitudes:    100
 6. ProcesosTerminados:   0
 7. ProcesosNuevos:       0
 8. PromedioEspera:       277
 9. PromedioDesperdicio:  1
10. PromedioCiclosRest.:  48934
11. PromedioVecesEnCPU:   2
12. TamColaEnCiclo:       195
13. TamNuevasSolicitudes: 100
14. TamColaTerminados:    0
15. SumaEsperaTotal:      54076
16. SumaDesperdicioTotal: 326
17. SumaCiclosRestantes:  9542220
18. CantProcesosActivos:  195
19. AlgoritmoAnterior:    FCFS
20. AlgoritmoActual:      RR

========================================
 VARIABLES GLOBALES – Sat May 23 21:50:59 2026
========================================
 1. IteracionCPU:         300
 2. Algoritmo:            RR
 3. Quantum:              30
 4. ProcesosEnCiclo:      196
 5. NuevasSolicitudes:    100
 6. ProcesosTerminados:   0
 7. ProcesosNuevos:       100
 8. PromedioEspera:       281
 9. PromedioDesperdicio:  1
10. PromedioCiclosRest.:  48815
11. PromedioVecesEnCPU:   2
12. TamColaEnCiclo:       196
13. TamNuevasSolicitudes: 100
14. TamColaTerminados:    0
15. SumaEsperaTotal:      55265
16. SumaDesperdicioTotal: 352
17. SumaCiclosRestantes:  9567874
18. CantProcesosActivos:  196
19. AlgoritmoAnterior:    FCFS
20. AlgoritmoActual:      RR

========================================
 VARIABLES GLOBALES – Sat May 23 21:51:00 2026
========================================
 1. IteracionCPU:         240
 2. Algoritmo:            RR
 3. Quantum:              30
 4. ProcesosEnCiclo:      199
 5. NuevasSolicitudes:    100
 6. ProcesosTerminados:   0
 7. ProcesosNuevos:       0
 8. PromedioEspera:       300
 9. PromedioDesperdicio:  2
10. PromedioCiclosRest.:  48419
11. PromedioVecesEnCPU:   2
12. TamColaEnCiclo:       199
13. TamNuevasSolicitudes: 100
14. TamColaTerminados:    0
15. SumaEsperaTotal:      59801
16. SumaDesperdicioTotal: 467
17. SumaCiclosRestantes:  9635577
18. CantProcesosActivos:  199
19. AlgoritmoAnterior:    FCFS
20. AlgoritmoActual:      RR

========================================
 VARIABLES GLOBALES – Sat May 23 21:51:00 2026
========================================
 1. IteracionCPU:         320
 2. Algoritmo:            RR
 3. Quantum:              30
 4. ProcesosEnCiclo:      199
 5. NuevasSolicitudes:    100
 6. ProcesosTerminados:   0
 7. ProcesosNuevos:       100
 8. PromedioEspera:       305
 9. PromedioDesperdicio:  2
10. PromedioCiclosRest.:  48419
11. PromedioVecesEnCPU:   2
12. TamColaEnCiclo:       199
13. TamNuevasSolicitudes: 100
14. TamColaTerminados:    0
15. SumaEsperaTotal:      60849
16. SumaDesperdicioTotal: 467
17. SumaCiclosRestantes:  9635427
18. CantProcesosActivos:  199
19. AlgoritmoAnterior:    FCFS
20. AlgoritmoActual:      RR

========================================
 VARIABLES GLOBALES – Sat May 23 21:51:01 2026
========================================
 1. IteracionCPU:         260
 2. Algoritmo:            RR
 3. Quantum:              30
 4. ProcesosEnCiclo:      202
 5. NuevasSolicitudes:    100
 6. ProcesosTerminados:   0
 7. ProcesosNuevos:       0
 8. PromedioEspera:       325
 9. PromedioDesperdicio:  2
10. PromedioCiclosRest.:  48617
11. PromedioVecesEnCPU:   2
12. TamColaEnCiclo:       202
13. TamNuevasSolicitudes: 100
14. TamColaTerminados:    0
15. SumaEsperaTotal:      65679
16. SumaDesperdicioTotal: 586
17. SumaCiclosRestantes:  9820773
18. CantProcesosActivos:  202
19. AlgoritmoAnterior:    FCFS
20. AlgoritmoActual:      RR

========================================
 VARIABLES GLOBALES – Sat May 23 21:51:01 2026
========================================
 1. IteracionCPU:         340
 2. Algoritmo:            RR
 3. Quantum:              30
 4. ProcesosEnCiclo:      202
 5. NuevasSolicitudes:    100
 6. ProcesosTerminados:   0
 7. ProcesosNuevos:       100
 8. PromedioEspera:       330
 9. PromedioDesperdicio:  2
10. PromedioCiclosRest.:  48616
11. PromedioVecesEnCPU:   2
12. TamColaEnCiclo:       202
13. TamNuevasSolicitudes: 100
14. TamColaTerminados:    0
15. SumaEsperaTotal:      66739
16. SumaDesperdicioTotal: 600
17. SumaCiclosRestantes:  9820547
18. CantProcesosActivos:  202
19. AlgoritmoAnterior:    FCFS
20. AlgoritmoActual:      RR

========================================
 VARIABLES GLOBALES – Sat May 23 21:51:01 2026
========================================
 1. IteracionCPU:         280
 2. Algoritmo:            RR
 3. Quantum:              30
 4. ProcesosEnCiclo:      202
 5. NuevasSolicitudes:    100
 6. ProcesosTerminados:   0
 7. ProcesosNuevos:       0
 8. PromedioEspera:       351
 9. PromedioDesperdicio:  3
10. PromedioCiclosRest.:  48613
11. PromedioVecesEnCPU:   2
12. TamColaEnCiclo:       202
13. TamNuevasSolicitudes: 100
14. TamColaTerminados:    0
15. SumaEsperaTotal:      70915
16. SumaDesperdicioTotal: 692
17. SumaCiclosRestantes:  9819859
18. CantProcesosActivos:  202
19. AlgoritmoAnterior:    FCFS
20. AlgoritmoActual:      RR

========================================
 VARIABLES GLOBALES – Sat May 23 21:51:02 2026
========================================
 1. IteracionCPU:         360
 2. Algoritmo:            RR
 3. Quantum:              30
 4. ProcesosEnCiclo:      203
 5. NuevasSolicitudes:    100
 6. ProcesosTerminados:   0
 7. ProcesosNuevos:       100
 8. PromedioEspera:       355
 9. PromedioDesperdicio:  3
10. PromedioCiclosRest.:  48584
11. PromedioVecesEnCPU:   2
12. TamColaEnCiclo:       203
13. TamNuevasSolicitudes: 100
14. TamColaTerminados:    0
15. SumaEsperaTotal:      72183
16. SumaDesperdicioTotal: 739
17. SumaCiclosRestantes:  9862748
18. CantProcesosActivos:  203
19. AlgoritmoAnterior:    FCFS
20. AlgoritmoActual:      RR
